<?xml version="1.0" encoding="utf-8"?><testsuites><testsuite name="pytest" errors="0" failures="0" skipped="0" tests="19" time="0.105" timestamp="2026-01-07T21:42:41.781284" hostname="runnervmh13bl"><testcase classname="tests.test_alias_model.TestAliasModel" name="test_complex_definition_with_options" time="0.005" /><testcase classname="tests.test_alias_model.TestAliasModel" name="test_flask_definition" time="0.001" /><testcase classname="tests.test_alias_model.TestAliasModel" name="test_get_effective_pattern" time="0.001" /><testcase classname="tests.test_alias_model.TestAliasModel" name="test_get_primary_ignore_case_enabled" time="0.001" /><testcase classname="tests.test_alias_model.TestAliasModel" name="test_get_primary_ignore_case_fallback" time="0.000" /><testcase classname="tests.test_alias_model.TestAliasModel" name="test_get_primary_ignore_case_simple_definition" time="0.001" /><testcase classname="tests.test_alias_model.TestAliasModel" name="test_get_primary_match_pattern_fallback" time="0.001" /><testcase classname="tests.test_alias_model.TestAliasModel" name="test_get_primary_match_pattern_glob" time="0.001" /><testcase classname="tests.test_alias_model.TestAliasModel" name="test_get_primary_match_pattern_simple_definition" time="0.000" /><testcase classname="tests.test_alias_model.TestAliasModel" name="test_get_primary_match_type_fallback" time="0.001" /><testcase classname="tests.test_alias_model.TestAliasModel" name="test_get_primary_match_type_glob" time="0.001" /><testcase classname="tests.test_alias_model.TestAliasModel" name="test_get_primary_match_type_simple_definition" time="0.000" /><testcase classname="tests.test_alias_model.TestAliasModel" name="test_get_primary_target_path_empty_name_fallback" time="0.000" /><testcase classname="tests.test_alias_model.TestAliasModel" name="test_get_primary_target_path_fallback" time="0.000" /><testcase classname="tests.test_alias_model.TestAliasModel" name="test_get_primary_target_path_simple_definition" time="0.000" /><testcase classname="tests.test_alias_model.TestAliasModel" name="test_get_primary_target_path_with_variable_reference" time="0.000" /><testcase classname="tests.test_alias_model.TestAliasModel" name="test_multi_line_definition_primary_extraction" time="0.001" /><testcase classname="tests.test_alias_model.TestAliasModel" name="test_regex_definition" time="0.001" /><testcase classname="tests.test_alias_model.TestAliasModel" name="test_repr_with_helper_methods" time="0.001" /></testsuite></testsuites>